// Jest Snapshot v1, https://goo.gl/fbAQLP

exports[`IssueListItem should render without errors 1`] = `
<Link
  replace={false}
  to="/issue/id"
>
  <div
    className="card p-2 mt-2"
  >
    <span>
      name
    </span>
  </div>
</Link>
`;
